Resolving dependencies...
Downloading packages...
  camera_platform_interface 2.13.1 (2.14.0 available)
  cli_util 0.4.2 (0.6.0 available)
  in_app_purchase 3.3.0 (3.3.1 available)
  injector 3.0.0 (4.0.0 available)
  jni 0.14.2 (1.0.3 available)
  material_color_utilities 0.13.0 (0.13.1 available)
  package_config 2.2.0 (3.0.0 available)
  path_provider_android 2.2.23 (2.3.1 available)
  pointycastle 3.9.1 (4.0.0 available)
  test_api 0.7.12 (0.7.14 available)
  vector_math 2.4.2 (2.4.3 available)
Got dependencies!
11 packages have newer versions incompatible with dependency constraints.
Try `flutter pub outdated` for more information.
Resolving dependencies...
Downloading packages...
  camera_platform_interface 2.13.1 (2.14.0 available)
  cli_util 0.4.2 (0.6.0 available)
  in_app_purchase 3.3.0 (3.3.1 available)
  injector 3.0.0 (4.0.0 available)
  jni 0.14.2 (1.0.3 available)
  material_color_utilities 0.13.0 (0.13.1 available)
  package_config 2.2.0 (3.0.0 available)
  path_provider_android 2.2.23 (2.3.1 available)
  pointycastle 3.9.1 (4.0.0 available)
  test_api 0.7.12 (0.7.14 available)
  vector_math 2.4.2 (2.4.3 available)
Got dependencies!
11 packages have newer versions incompatible with dependency constraints.
Try `flutter pub outdated` for more information.

::group::✅ Passing tests
✅ /home/runner/work/Playground/Playground/app/test/pages/camera_lifecycle_test.dart: mount initializes one session and renders its preview
✅ /home/runner/work/Playground/Playground/app/test/pages/live_scan_lifecycle_test.dart: mount initializes one session and renders preview
✅ /home/runner/work/Playground/Playground/app/test/pages/camera_lifecycle_test.dart: inactive detaches preview before native dispose completes
✅ /home/runner/work/Playground/Playground/app/test/pages/live_scan_lifecycle_test.dart: inactive detaches preview and stops stream before disposal
✅ /home/runner/work/Playground/Playground/app/test/pages/camera_lifecycle_test.dart: resume waits for pending disposal before creating new session
✅ /home/runner/work/Playground/Playground/app/test/pages/live_scan_lifecycle_test.dart: resume waits for disposal before replacing session
✅ /home/runner/work/Playground/Playground/app/test/pages/camera_lifecycle_test.dart: pause during initialization ignores stale completion
✅ /home/runner/work/Playground/Playground/app/test/pages/live_scan_lifecycle_test.dart: late initialize after unmount does not mutate disposed widget
✅ /home/runner/work/Playground/Playground/app/test/pages/camera_lifecycle_test.dart: late initialization after widget disposal does not render
✅ /home/runner/work/Playground/Playground/app/test/pages/live_scan_lifecycle_test.dart: permission denial never creates a camera session
✅ /home/runner/work/Playground/Playground/app/test/pages/live_scan_lifecycle_test.dart: pause during initialize ignores stale session and resumes fresh
✅ /home/runner/work/Playground/Playground/app/test/pages/camera_lifecycle_test.dart: model error detaches active preview
✅ /home/runner/work/Playground/Playground/app/test/pages/camera_lifecycle_test.dart: permission denial never creates a camera session
✅ /home/runner/work/Playground/Playground/app/test/pages/live_scan_lifecycle_test.dart: duplicate resume callbacks keep one initialized session
✅ /home/runner/work/Playground/Playground/app/test/pages/camera_lifecycle_test.dart: no available cameras never creates a session
✅ /home/runner/work/Playground/Playground/app/test/pages/camera_lifecycle_test.dart: duplicate resume callbacks do not duplicate initialized session
✅ /home/runner/work/Playground/Playground/app/test/pages/live_scan_lifecycle_test.dart: model error detaches active preview
✅ /home/runner/work/Playground/Playground/app/test/pages/camera_lifecycle_test.dart: initialize failure is handled without rendering bad session
✅ /home/runner/work/Playground/Playground/app/test/pages/camera_lifecycle_test.dart: route replacement waits for camera teardown
::endgroup::
::group::❌ /home/runner/work/Playground/Playground/app/test/pages/live_scan_lifecycle_test.dart: route replacement waits for camera teardown (failed)

Warning: A call to tap() with finder "Found 1 widget with icon "IconData(U+0E33D)": [
  Icon(IconData(U+0E33D), color: Color(alpha: 1.0000, red: 1.0000, green: 1.0000, blue: 1.0000, colorSpace: ColorSpace.sRGB), dependencies: [Directionality, IconTheme]),
]" derived an Offset (Offset(40.0, 32.0)) that would not hit test on the specified widget.
Maybe the widget is actually off-screen, or another widget is obscuring it, or the widget cannot receive pointer events.
The finder corresponds to this RenderBox: RenderSemanticsAnnotations#1b98d relayoutBoundary=up19
The hit test result at that offset is: HitTestResult(_RenderColoredBox#9d5f8@Offset(40.0, 32.0), RenderStack#526f6@Offset(40.0, 32.0), RenderConstrainedBox#9b2a6@Offset(40.0, 32.0), RenderCustomMultiChildLayoutBox#b2578@Offset(40.0, 32.0), _RenderInkFeatures#3db53@Offset(40.0, 32.0), RenderPhysicalModel#45c32@Offset(40.0, 32.0), RenderSemanticsAnnotations#7c5ba@Offset(40.0, 32.0), RenderRepaintBoundary#84a63@Offset(40.0, 32.0), RenderIgnorePointer#aa0bf@Offset(40.0, 32.0), RenderAnimatedOpacity#95c36@Offset(40.0, 32.0), RenderAnimatedOpacity#38b44@Offset(40.0, 32.0), _RenderColoredBox#7731e@Offset(40.0, 32.0), RenderAnimatedOpacity#7d710@Offset(40.0, 32.0), RenderIgnorePointer#66810@Offset(40.0, 32.0), RenderAnimatedOpacity#fca84@Offset(40.0, 32.0), RenderRepaintBoundary#7b7fb@Offset(40.0, 32.0), RenderSemanticsAnnotations#5211a@Offset(40.0, 32.0), RenderOffstage#dd278@Offset(40.0, 32.0), RenderSemanticsAnnotations#f9c7d@Offset(40.0, 32.0), _RenderTheater#8dfe6@Offset(40.0, 32.0), RenderAbsorbPointer#e9356@Offset(40.0, 32.0), RenderPointerListener#8bfe0@Offset(40.0, 32.0), RenderSemanticsAnnotations#7ad22@Offset(40.0, 32.0), RenderCustomPaint#ed325@Offset(40.0, 32.0), RenderSemanticsAnnotations#cf969@Offset(40.0, 32.0), RenderSemanticsAnnotations#801a0@Offset(40.0, 32.0), RenderSemanticsAnnotations#a20f9@Offset(40.0, 32.0), RenderTapRegionSurface#6dbfb@Offset(40.0, 32.0), RenderSemanticsAnnotations#5eb93@Offset(40.0, 32.0), RenderSemanticsAnnotations#077df@Offset(40.0, 32.0), HitTestEntry<HitTestTarget>#c82fa(_ReusableRenderView#9717d), HitTestEntry<HitTestTarget>#2f1d2(<AutomatedTestWidgetsFlutterBinding>))
#0      WidgetController._getElementPoint (package:flutter_test/src/controller.dart:2165:25)
#1      WidgetController.getCenter (package:flutter_test/src/controller.dart:1947:12)
#2      WidgetController.tap (package:flutter_test/src/controller.dart:1080:7)
#3      main.<anonymous closure> (file:///home/runner/work/Playground/Playground/app/test/pages/live_scan_lifecycle_test.dart:267:18)
<asynchronous suspension>
#4      testWidgets.<anonymous closure>.<anonymous closure> (package:flutter_test/src/widget_tester.dart:192:15)
<asynchronous suspension>
#5      TestWidgetsFlutterBinding._runTestBody (package:flutter_test/src/binding.dart:1953:5)
<asynchronous suspension>
#6      StackZoneSpecification._registerCallback.<anonymous closure> (package:stack_trace/src/stack_zone_specification.dart:114:42)
<asynchronous suspension>
To silence this warning, pass "warnIfMissed: false" to "tap()".
To make this warning fatal, set WidgetController.hitTestWarningShouldBeFatal to true.

══╡ EXCEPTION CAUGHT BY FLUTTER TEST FRAMEWORK ╞════════════════════════════════════════════════════
The following TestFailure was thrown running a test:
Expected: contains 'dispose:start'
  Actual: ['initialize:start', 'initialize:end', 'zoom:1.0', 'focus:auto']
   Which: does not contain 'dispose:start'
camera operation dispose:start was not reached after 10 pumps

When the exception was thrown, this was the stack:
#4      pumpUntilCameraOperation (file:///home/runner/work/Playground/Playground/app/test/support/fake_camera_runtime.dart:277:3)
<asynchronous suspension>
#5      main.<anonymous closure> (file:///home/runner/work/Playground/Playground/app/test/pages/live_scan_lifecycle_test.dart:269:5)
<asynchronous suspension>
#6      testWidgets.<anonymous closure>.<anonymous closure> (package:flutter_test/src/widget_tester.dart:192:15)
<asynchronous suspension>
#7      TestWidgetsFlutterBinding._runTestBody (package:flutter_test/src/binding.dart:1953:5)
<asynchronous suspension>
<asynchronous suspension>
(elided one frame from package:stack_trace)

This was caught by the test expectation on the following line:
  file:///home/runner/work/Playground/Playground/app/test/support/fake_camera_runtime.dart line 277
The test description was:
  route replacement waits for camera teardown
════════════════════════════════════════════════════════════════════════════════════════════════════
Test failed. See exception logs above.
The test description was: route replacement waits for camera teardown

::endgroup::
::group::✅ Passing tests
✅ /home/runner/work/Playground/Playground/app/test/pages/track_scan_lifecycle_test.dart: mount initializes one session and renders preview
✅ /home/runner/work/Playground/Playground/app/test/pages/track_scan_lifecycle_test.dart: inactive detaches preview and stops stream before disposal
✅ /home/runner/work/Playground/Playground/app/test/pages/track_scan_lifecycle_test.dart: resume waits for disposal before replacing session
✅ /home/runner/work/Playground/Playground/app/test/pages/track_scan_lifecycle_test.dart: late initialize after unmount does not mutate disposed widget
✅ /home/runner/work/Playground/Playground/app/test/pages/track_scan_lifecycle_test.dart: permission denial never creates a camera session
::endgroup::
::group::❌ /home/runner/work/Playground/Playground/app/test/pages/gallery_lifecycle_test.dart: late image inference after route disposal is ignored (failed)
Cropped resistors length: 0
Cropped resistors length: 0
══╡ EXCEPTION CAUGHT BY FLUTTER TEST FRAMEWORK ╞════════════════════════════════════════════════════
The following TestFailure was thrown running a test:
Expected: true
  Actual: <false>
gallery image inference started was not reached after 20 pumps

When the exception was thrown, this was the stack:
#4      pumpUntilScannerCondition (file:///home/runner/work/Playground/Playground/app/test/support/fake_camera_runtime.dart:295:3)
<asynchronous suspension>
#5      main.<anonymous closure> (file:///home/runner/work/Playground/Playground/app/test/pages/gallery_lifecycle_test.dart:50:5)
<asynchronous suspension>
#6      testWidgets.<anonymous closure>.<anonymous closure> (package:flutter_test/src/widget_tester.dart:192:15)
<asynchronous suspension>
#7      TestWidgetsFlutterBinding._runTestBody (package:flutter_test/src/binding.dart:1953:5)
<asynchronous suspension>
<asynchronous suspension>
(elided one frame from package:stack_trace)

This was caught by the test expectation on the following line:
  file:///home/runner/work/Playground/Playground/app/test/support/fake_camera_runtime.dart line 295
The test description was:
  late image inference after route disposal is ignored
════════════════════════════════════════════════════════════════════════════════════════════════════
Test failed. See exception logs above.
The test description was: late image inference after route disposal is ignored

::endgroup::
::group::✅ Passing tests
✅ /home/runner/work/Playground/Playground/app/test/pages/track_scan_lifecycle_test.dart: pause during initialize ignores stale session and resumes fresh
✅ /home/runner/work/Playground/Playground/app/test/pages/track_scan_lifecycle_test.dart: duplicate resume callbacks keep one initialized session
✅ /home/runner/work/Playground/Playground/app/test/pages/track_scan_lifecycle_test.dart: model error detaches active preview
::endgroup::
::group::❌ /home/runner/work/Playground/Playground/app/test/pages/track_scan_lifecycle_test.dart: route replacement waits for camera teardown (failed)

Warning: A call to tap() with finder "Found 1 widget with icon "IconData(U+0E33D)": [
  Icon(IconData(U+0E33D), color: Color(alpha: 1.0000, red: 1.0000, green: 1.0000, blue: 1.0000, colorSpace: ColorSpace.sRGB), dependencies: [Directionality, IconTheme]),
]" derived an Offset (Offset(40.0, 32.0)) that would not hit test on the specified widget.
Maybe the widget is actually off-screen, or another widget is obscuring it, or the widget cannot receive pointer events.
The finder corresponds to this RenderBox: RenderSemanticsAnnotations#ebe72 relayoutBoundary=up19
The hit test result at that offset is: HitTestResult(_RenderColoredBox#7ff74@Offset(40.0, 32.0), RenderStack#d0177@Offset(40.0, 32.0), RenderConstrainedBox#6987a@Offset(40.0, 32.0), RenderCustomMultiChildLayoutBox#15af4@Offset(40.0, 32.0), _RenderInkFeatures#c43fa@Offset(40.0, 32.0), RenderPhysicalModel#edf81@Offset(40.0, 32.0), RenderSemanticsAnnotations#b0330@Offset(40.0, 32.0), RenderRepaintBoundary#11a12@Offset(40.0, 32.0), RenderIgnorePointer#1d90b@Offset(40.0, 32.0), RenderAnimatedOpacity#caf13@Offset(40.0, 32.0), RenderAnimatedOpacity#61434@Offset(40.0, 32.0), _RenderColoredBox#f38ca@Offset(40.0, 32.0), RenderAnimatedOpacity#35f68@Offset(40.0, 32.0), RenderIgnorePointer#96f7c@Offset(40.0, 32.0), RenderAnimatedOpacity#66898@Offset(40.0, 32.0), RenderRepaintBoundary#c735b@Offset(40.0, 32.0), RenderSemanticsAnnotations#feaa9@Offset(40.0, 32.0), RenderOffstage#d4dd1@Offset(40.0, 32.0), RenderSemanticsAnnotations#1953f@Offset(40.0, 32.0), _RenderTheater#13a2a@Offset(40.0, 32.0), RenderAbsorbPointer#e7d69@Offset(40.0, 32.0), RenderPointerListener#94daf@Offset(40.0, 32.0), RenderSemanticsAnnotations#9891c@Offset(40.0, 32.0), RenderCustomPaint#64fed@Offset(40.0, 32.0), RenderSemanticsAnnotations#bcc7c@Offset(40.0, 32.0), RenderSemanticsAnnotations#55407@Offset(40.0, 32.0), RenderSemanticsAnnotations#1908d@Offset(40.0, 32.0), RenderTapRegionSurface#b658c@Offset(40.0, 32.0), RenderSemanticsAnnotations#81ba2@Offset(40.0, 32.0), RenderSemanticsAnnotations#8d62a@Offset(40.0, 32.0), HitTestEntry<HitTestTarget>#faf4b(_ReusableRenderView#0f732), HitTestEntry<HitTestTarget>#5f36e(<AutomatedTestWidgetsFlutterBinding>))
#0      WidgetController._getElementPoint (package:flutter_test/src/controller.dart:2165:25)
#1      WidgetController.getCenter (package:flutter_test/src/controller.dart:1947:12)
#2      WidgetController.tap (package:flutter_test/src/controller.dart:1080:7)
#3      main.<anonymous closure> (file:///home/runner/work/Playground/Playground/app/test/pages/track_scan_lifecycle_test.dart:251:18)
<asynchronous suspension>
#4      testWidgets.<anonymous closure>.<anonymous closure> (package:flutter_test/src/widget_tester.dart:192:15)
<asynchronous suspension>
#5      TestWidgetsFlutterBinding._runTestBody (package:flutter_test/src/binding.dart:1953:5)
<asynchronous suspension>
#6      StackZoneSpecification._registerCallback.<anonymous closure> (package:stack_trace/src/stack_zone_specification.dart:114:42)
<asynchronous suspension>
To silence this warning, pass "warnIfMissed: false" to "tap()".
To make this warning fatal, set WidgetController.hitTestWarningShouldBeFatal to true.

══╡ EXCEPTION CAUGHT BY FLUTTER TEST FRAMEWORK ╞════════════════════════════════════════════════════
The following TestFailure was thrown running a test:
Expected: contains 'dispose:start'
  Actual: ['initialize:start', 'initialize:end', 'zoom:1.0', 'focus:auto']
   Which: does not contain 'dispose:start'
camera operation dispose:start was not reached after 10 pumps

When the exception was thrown, this was the stack:
#4      pumpUntilCameraOperation (file:///home/runner/work/Playground/Playground/app/test/support/fake_camera_runtime.dart:277:3)
<asynchronous suspension>
#5      main.<anonymous closure> (file:///home/runner/work/Playground/Playground/app/test/pages/track_scan_lifecycle_test.dart:253:5)
<asynchronous suspension>
#6      testWidgets.<anonymous closure>.<anonymous closure> (package:flutter_test/src/widget_tester.dart:192:15)
<asynchronous suspension>
#7      TestWidgetsFlutterBinding._runTestBody (package:flutter_test/src/binding.dart:1953:5)
<asynchronous suspension>
<asynchronous suspension>
(elided one frame from package:stack_trace)

This was caught by the test expectation on the following line:
  file:///home/runner/work/Playground/Playground/app/test/support/fake_camera_runtime.dart line 277
The test description was:
  route replacement waits for camera teardown
════════════════════════════════════════════════════════════════════════════════════════════════════
Test failed. See exception logs above.
The test description was: route replacement waits for camera teardown

::endgroup::

::error::27 tests passed, 3 failed.
